// Jest Snapshot v1, https://goo.gl/fbAQLP

exports[`renders correctly 1`] = `
<View
  style={
    Object {
      "alignItems": "center",
      "backgroundColor": "red",
      "justifyContent": "center",
      "marginTop": 100,
      "width": "100%",
    }
  }
>
  <Text
    style={
      Object {
        "alignSelf": "center",
        "color": "#000000",
        "fontSize": 16,
      }
    }
  >
    hello world
  </Text>
</View>
`;
